{
  "mode": "gateway-ws-mail-list",
  "warmup_mode": "session-only",
  "requests_per_account": 1,
  "target_qps": 2167,
  "sent": 2167,
  "succeeded": 1763,
  "failed": 404,
  "actual_qps": 1472.6566949052863,
  "average_ms": 167.61022383550767,
  "p50_ms": 185.336946,
  "p90_ms": 219.444718,
  "p95_ms": 225.549405,
  "p99_ms": 241.247181,
  "max_ms": 255.346325,
  "wall_millis": 1197,
  "measurement_start_unix_ms": 1786891426860,
  "measurement_end_unix_ms": 1786891428057,
  "first_error_code": 1001,
  "error_codes": {
    "1001": 404
  }
}
