配置10k容量资源档...
deployment.apps/k6 scaled
deployment.apps/gateway scaled
deployment.apps/farm scaled
deployment.apps/social scaled
deployment.apps/farm env updated
statefulset.apps/mysql patched (no change)
deployment "k6" successfully rolled out
deployment "gateway" successfully rolled out
Waiting for deployment "farm" rollout to finish: 0 out of 1 new replicas have been updated...
Waiting for deployment "farm" rollout to finish: 0 out of 1 new replicas have been updated...
Waiting for deployment "farm" rollout to finish: 0 out of 1 new replicas have been updated...
Waiting for deployment "farm" rollout to finish: 0 of 1 updated replicas are available...
deployment "farm" successfully rolled out
deployment "social" successfully rolled out
partitioned roll out complete: 1 new pods have been updated...
partitioned roll out complete: 1 new pods have been updated...
NAME      READY   UP-TO-DATE   AVAILABLE   AGE
gateway   1/1     1            1           3d1h
farm      1/1     1            1           3d1h
social    1/1     1            1           3d1h
k6        3/3     3            3           3d1h
NAME    READY   AGE
mysql   1/1     3d1h
redis   1/1     3d1h
并行重置3份mixed合法夹具，每份54201个账号...
