配置2倍垂直资源档...
deployment.apps/k6 scaled
deployment.apps/gateway scaled
deployment.apps/farm scaled
deployment.apps/social scaled
deployment.apps/gateway resource requirements updated
deployment.apps/gateway env updated
deployment.apps/farm resource requirements updated
deployment.apps/farm env updated
deployment.apps/social resource requirements updated
deployment.apps/social env updated
statefulset.apps/mysql resource requirements updated
statefulset.apps/mysql patched
statefulset.apps/redis resource requirements updated
deployment "k6" successfully rolled out
Waiting for deployment "gateway" rollout to finish: 0 of 1 updated replicas are available...
Waiting for deployment "gateway" rollout to finish: 0 of 1 updated replicas are available...
Waiting for deployment "gateway" rollout to finish: 0 of 1 updated replicas are available...
deployment "gateway" successfully rolled out
deployment "farm" successfully rolled out
deployment "social" successfully rolled out
partitioned roll out complete: 1 new pods have been updated...
partitioned roll out complete: 1 new pods have been updated...
NAME      READY   UP-TO-DATE   AVAILABLE   AGE
gateway   1/1     1            1           2d21h
farm      1/1     1            1           2d21h
social    1/1     1            1           2d21h
k6        3/3     3            3           2d21h
NAME    READY   AGE
mysql   1/1     2d21h
redis   1/1     2d21h
并行重置3份mixed合法夹具，每份32521个账号...
deployment.apps/farm restarted
deployment.apps/gateway restarted
deployment.apps/social restarted
Waiting for deployment "farm" rollout to finish: 0 out of 1 new replicas have been updated...
Waiting for deployment "farm" rollout to finish: 0 out of 1 new replicas have been updated...
Waiting for deployment "farm" rollout to finish: 0 out of 1 new replicas have been updated...
Waiting for deployment "farm" rollout to finish: 0 of 1 updated replicas are available...
deployment "farm" successfully rolled out
Waiting for deployment "gateway" rollout to finish: 0 of 1 updated replicas are available...
deployment "gateway" successfully rolled out
deployment "social" successfully rolled out
A窗口：空载60s...
启动3个发压分片：每分片2000 QPS、24000连接、32520 Actor；全部就绪后统一释放C窗口
等待发压分片就绪超时：0/3
配置2倍垂直资源档...
deployment.apps/k6 scaled
deployment.apps/gateway scaled
deployment.apps/farm scaled
deployment.apps/social scaled
statefulset.apps/mysql patched (no change)
deployment "k6" successfully rolled out
deployment "gateway" successfully rolled out
deployment "farm" successfully rolled out
deployment "social" successfully rolled out
partitioned roll out complete: 1 new pods have been updated...
partitioned roll out complete: 1 new pods have been updated...
NAME      READY   UP-TO-DATE   AVAILABLE   AGE
gateway   1/1     1            1           2d22h
farm      1/1     1            1           2d22h
social    1/1     1            1           2d22h
k6        3/3     3            3           2d22h
NAME    READY   AGE
mysql   1/1     2d22h
redis   1/1     2d22h
复用上一轮未进入C窗口的合法夹具，跳过重复重置
deployment.apps/farm restarted
deployment.apps/gateway restarted
deployment.apps/social restarted
Waiting for deployment "farm" rollout to finish: 0 out of 1 new replicas have been updated...
Waiting for deployment "farm" rollout to finish: 0 out of 1 new replicas have been updated...
Waiting for deployment "farm" rollout to finish: 0 of 1 updated replicas are available...
deployment "farm" successfully rolled out
Waiting for deployment "gateway" rollout to finish: 0 of 1 updated replicas are available...
deployment "gateway" successfully rolled out
deployment "social" successfully rolled out
A窗口：空载60s...
启动3个发压分片：每分片2000 QPS、24000连接、32520 Actor；全部就绪后统一释放C窗口
三个分片已就绪，统一C窗口开始=1786857122040
tar: removing leading '/' from member names
tar: removing leading '/' from member names
tar: removing leading '/' from member names
Journal未在120s内排空：pending=32768 lag=164105
