{
  "mode": "gateway-ws-task-list",
  "warmup_mode": "session-only",
  "requests_per_account": 1,
  "target_qps": 1000,
  "sent": 3000,
  "succeeded": 1237,
  "failed": 1763,
  "actual_qps": 411.62573922022176,
  "average_ms": 4.150814812449474,
  "p50_ms": 3.9932,
  "p90_ms": 5.041523,
  "p95_ms": 5.153231,
  "p99_ms": 5.532051,
  "max_ms": 10.366179,
  "wall_millis": 3005,
  "measurement_start_unix_ms": 1786893451651,
  "measurement_end_unix_ms": 1786893454656,
  "first_error_code": 1001,
  "error_codes": {
    "1001": 1763
  }
}
