{
  "mode": "gateway-ws-enter",
  "warmup_mode": "session-only",
  "requests_per_account": 1,
  "target_qps": 2000,
  "sent": 6000,
  "succeeded": 3024,
  "failed": 2976,
  "actual_qps": 1006.5296353389264,
  "average_ms": 8.524999653769841,
  "p50_ms": 5.18296,
  "p90_ms": 21.768951,
  "p95_ms": 28.867683,
  "p99_ms": 49.238911,
  "max_ms": 62.952035,
  "wall_millis": 3004,
  "measurement_start_unix_ms": 1786893430993,
  "measurement_end_unix_ms": 1786893433997,
  "first_error_code": 1001,
  "error_codes": {
    "1001": 2976
  }
}
