{
  "mode": "gateway-ws-steal",
  "warmup_mode": "full",
  "target_qps": 4000,
  "sent": 12000,
  "succeeded": 4468,
  "failed": 7532,
  "actual_qps": 1463.2869768396706,
  "average_ms": 3.292704519919427,
  "p50_ms": 3.090341,
  "p90_ms": 4.501267,
  "p95_ms": 5.136739,
  "p99_ms": 8.221414,
  "max_ms": 55.504501,
  "wall_millis": 3053,
  "measurement_start_unix_ms": 1786896599629,
  "measurement_end_unix_ms": 1786896602682,
  "first_error_code": -1,
  "first_error_message": "websocket: close 1006 (abnormal closure): unexpected EOF",
  "error_codes": {
    "-1": 7529,
    "1001": 3
  }
}
