配置1倍垂直资源档...
deployment.apps/k6 resource requirements updated
deployment.apps/k6 scaled
deployment.apps/gateway scaled
deployment.apps/farm scaled
deployment.apps/social scaled
deployment.apps/gateway resource requirements updated
deployment.apps/gateway env updated
deployment.apps/farm resource requirements updated
deployment.apps/farm env updated
deployment.apps/social resource requirements updated
deployment.apps/social env updated
statefulset.apps/mysql resource requirements updated
statefulset.apps/mysql patched
statefulset.apps/redis resource requirements updated
Waiting for deployment "k6" rollout to finish: 0 out of 3 new replicas have been updated...
Waiting for deployment "k6" rollout to finish: 0 out of 3 new replicas have been updated...
Waiting for deployment "k6" rollout to finish: 0 out of 3 new replicas have been updated...
Waiting for deployment "k6" rollout to finish: 0 of 3 updated replicas are available...
Waiting for deployment "k6" rollout to finish: 1 of 3 updated replicas are available...
Waiting for deployment "k6" rollout to finish: 2 of 3 updated replicas are available...
deployment "k6" successfully rolled out
Waiting for deployment "gateway" rollout to finish: 0 of 1 updated replicas are available...
配置1倍垂直资源档...
deployment.apps/k6 scaled
deployment.apps/gateway scaled
deployment.apps/farm scaled
deployment.apps/social scaled
deployment.apps/gateway env updated
deployment.apps/farm env updated
deployment.apps/social env updated
statefulset.apps/mysql patched (no change)
deployment "k6" successfully rolled out
Waiting for deployment "gateway" rollout to finish: 0 of 1 updated replicas are available...
deployment "gateway" successfully rolled out
deployment "farm" successfully rolled out
deployment "social" successfully rolled out
partitioned roll out complete: 1 new pods have been updated...
partitioned roll out complete: 1 new pods have been updated...
NAME      READY   UP-TO-DATE   AVAILABLE   AGE
gateway   1/1     1            1           2d20h
farm      1/1     1            1           2d20h
social    1/1     1            1           2d20h
k6        3/3     3            3           2d20h
NAME    READY   AGE
mysql   1/1     2d20h
redis   1/1     2d20h
bench/api/run_vertical_capacity_experiment.sh: line 46: timeout_seconds: unbound variable
配置1倍垂直资源档...
deployment.apps/k6 scaled
deployment.apps/gateway scaled
deployment.apps/farm scaled
deployment.apps/social scaled
statefulset.apps/mysql patched (no change)
deployment "k6" successfully rolled out
deployment "gateway" successfully rolled out
deployment "farm" successfully rolled out
deployment "social" successfully rolled out
partitioned roll out complete: 1 new pods have been updated...
partitioned roll out complete: 1 new pods have been updated...
NAME      READY   UP-TO-DATE   AVAILABLE   AGE
gateway   1/1     1            1           2d20h
farm      1/1     1            1           2d20h
social    1/1     1            1           2d20h
k6        3/3     3            3           2d20h
NAME    READY   AGE
mysql   1/1     2d20h
redis   1/1     2d20h
并行重置3份mixed合法夹具，每份16260个账号...
deployment.apps/farm restarted
deployment.apps/gateway restarted
deployment.apps/social restarted
Waiting for deployment "farm" rollout to finish: 0 out of 1 new replicas have been updated...
Waiting for deployment "farm" rollout to finish: 0 out of 1 new replicas have been updated...
Waiting for deployment "farm" rollout to finish: 0 out of 1 new replicas have been updated...
Waiting for deployment "farm" rollout to finish: 0 of 1 updated replicas are available...
deployment "farm" successfully rolled out
Waiting for deployment "gateway" rollout to finish: 0 of 1 updated replicas are available...
deployment "gateway" successfully rolled out
deployment "social" successfully rolled out
A窗口：空载60s...
启动3个发压分片：每分片1000 QPS、12000连接、16260 Actor；统一C窗口开始=1786851141603
配置1倍垂直资源档...
deployment.apps/k6 scaled
deployment.apps/gateway scaled
deployment.apps/farm scaled
deployment.apps/social scaled
statefulset.apps/mysql patched (no change)
deployment "k6" successfully rolled out
deployment "gateway" successfully rolled out
deployment "farm" successfully rolled out
deployment "social" successfully rolled out
partitioned roll out complete: 1 new pods have been updated...
partitioned roll out complete: 1 new pods have been updated...
NAME      READY   UP-TO-DATE   AVAILABLE   AGE
gateway   1/1     1            1           2d20h
farm      1/1     1            1           2d20h
social    1/1     1            1           2d20h
k6        3/3     3            3           2d20h
NAME    READY   AGE
mysql   1/1     2d20h
redis   1/1     2d20h
并行重置3份mixed合法夹具，每份16260个账号...
deployment.apps/farm restarted
deployment.apps/gateway restarted
deployment.apps/social restarted
Waiting for deployment "farm" rollout to finish: 0 out of 1 new replicas have been updated...
Waiting for deployment "farm" rollout to finish: 0 out of 1 new replicas have been updated...
Waiting for deployment "farm" rollout to finish: 0 out of 1 new replicas have been updated...
Waiting for deployment "farm" rollout to finish: 0 of 1 updated replicas are available...
deployment "farm" successfully rolled out
Waiting for deployment "gateway" rollout to finish: 0 of 1 updated replicas are available...
deployment "gateway" successfully rolled out
deployment "social" successfully rolled out
A窗口：空载60s...
启动3个发压分片：每分片1000 QPS、12000连接、16260 Actor；统一C窗口开始=1786851675551
发压分片失败，见client-shard日志
配置1倍垂直资源档...
deployment.apps/k6 scaled
deployment.apps/gateway scaled
deployment.apps/farm scaled
deployment.apps/social scaled
deployment.apps/farm env updated
statefulset.apps/mysql patched (no change)
deployment "k6" successfully rolled out
deployment "gateway" successfully rolled out
Waiting for deployment "farm" rollout to finish: 0 out of 1 new replicas have been updated...
Waiting for deployment "farm" rollout to finish: 0 out of 1 new replicas have been updated...
Waiting for deployment "farm" rollout to finish: 0 out of 1 new replicas have been updated...
Waiting for deployment "farm" rollout to finish: 0 of 1 updated replicas are available...
deployment "farm" successfully rolled out
deployment "social" successfully rolled out
partitioned roll out complete: 1 new pods have been updated...
partitioned roll out complete: 1 new pods have been updated...
NAME      READY   UP-TO-DATE   AVAILABLE   AGE
gateway   1/1     1            1           2d20h
farm      1/1     1            1           2d20h
social    1/1     1            1           2d20h
k6        3/3     3            3           2d20h
NAME    READY   AGE
mysql   1/1     2d20h
redis   1/1     2d20h
并行重置3份mixed合法夹具，每份16261个账号...
deployment.apps/farm restarted
deployment.apps/gateway restarted
deployment.apps/social restarted
Waiting for deployment "farm" rollout to finish: 0 out of 1 new replicas have been updated...
Waiting for deployment "farm" rollout to finish: 0 out of 1 new replicas have been updated...
Waiting for deployment "farm" rollout to finish: 0 out of 1 new replicas have been updated...
Waiting for deployment "farm" rollout to finish: 0 of 1 updated replicas are available...
deployment "farm" successfully rolled out
Waiting for deployment "gateway" rollout to finish: 0 of 1 updated replicas are available...
Waiting for deployment "gateway" rollout to finish: 0 of 1 updated replicas are available...
deployment "gateway" successfully rolled out
deployment "social" successfully rolled out
A窗口：空载60s...
启动3个发压分片：每分片1000 QPS、12000连接、16260 Actor；统一C窗口开始=1786852314307
配置1倍垂直资源档...
deployment.apps/k6 scaled
deployment.apps/gateway scaled
deployment.apps/farm scaled
deployment.apps/social scaled
statefulset.apps/mysql patched (no change)
deployment "k6" successfully rolled out
deployment "gateway" successfully rolled out
deployment "farm" successfully rolled out
deployment "social" successfully rolled out
partitioned roll out complete: 1 new pods have been updated...
partitioned roll out complete: 1 new pods have been updated...
NAME      READY   UP-TO-DATE   AVAILABLE   AGE
gateway   1/1     1            1           2d20h
farm      1/1     1            1           2d20h
social    1/1     1            1           2d20h
k6        3/3     3            3           2d20h
NAME    READY   AGE
mysql   1/1     2d20h
redis   1/1     2d20h
并行重置3份mixed合法夹具，每份16261个账号...
deployment.apps/farm restarted
deployment.apps/gateway restarted
deployment.apps/social restarted
Waiting for deployment "farm" rollout to finish: 0 out of 1 new replicas have been updated...
Waiting for deployment "farm" rollout to finish: 0 out of 1 new replicas have been updated...
Waiting for deployment "farm" rollout to finish: 0 out of 1 new replicas have been updated...
Waiting for deployment "farm" rollout to finish: 0 of 1 updated replicas are available...
deployment "farm" successfully rolled out
Waiting for deployment "gateway" rollout to finish: 0 of 1 updated replicas are available...
deployment "gateway" successfully rolled out
deployment "social" successfully rolled out
A窗口：空载60s...
启动3个发压分片：每分片1000 QPS、12000连接、16260 Actor；统一C窗口开始=1786853253683
配置1倍垂直资源档...
deployment.apps/k6 scaled
deployment.apps/gateway scaled
deployment.apps/farm scaled
deployment.apps/social scaled
statefulset.apps/mysql patched (no change)
deployment "k6" successfully rolled out
deployment "gateway" successfully rolled out
deployment "farm" successfully rolled out
deployment "social" successfully rolled out
partitioned roll out complete: 1 new pods have been updated...
partitioned roll out complete: 1 new pods have been updated...
NAME      READY   UP-TO-DATE   AVAILABLE   AGE
gateway   1/1     1            1           2d21h
farm      1/1     1            1           2d21h
social    1/1     1            1           2d21h
k6        3/3     3            3           2d21h
NAME    READY   AGE
mysql   1/1     2d21h
redis   1/1     2d21h
并行重置3份mixed合法夹具，每份16261个账号...
deployment.apps/farm restarted
deployment.apps/gateway restarted
deployment.apps/social restarted
Waiting for deployment "farm" rollout to finish: 0 out of 1 new replicas have been updated...
Waiting for deployment "farm" rollout to finish: 0 out of 1 new replicas have been updated...
Waiting for deployment "farm" rollout to finish: 0 of 1 updated replicas are available...
deployment "farm" successfully rolled out
Waiting for deployment "gateway" rollout to finish: 0 of 1 updated replicas are available...
deployment "gateway" successfully rolled out
deployment "social" successfully rolled out
A窗口：空载60s...
启动3个发压分片：每分片1000 QPS、12000连接、16260 Actor；全部就绪后统一释放C窗口
command terminated with exit code 1
command terminated with exit code 1
command terminated with exit code 1
command terminated with exit code 1
command terminated with exit code 1
command terminated with exit code 1
command terminated with exit code 1
command terminated with exit code 1
command terminated with exit code 1
command terminated with exit code 1
command terminated with exit code 1
command terminated with exit code 1
command terminated with exit code 1
command terminated with exit code 1
command terminated with exit code 1
command terminated with exit code 1
command terminated with exit code 1
command terminated with exit code 1
command terminated with exit code 1
command terminated with exit code 1
command terminated with exit code 1
command terminated with exit code 1
command terminated with exit code 1
command terminated with exit code 1
command terminated with exit code 1
command terminated with exit code 1
command terminated with exit code 1
command terminated with exit code 1
command terminated with exit code 1
command terminated with exit code 1
command terminated with exit code 1
command terminated with exit code 1
command terminated with exit code 1
command terminated with exit code 1
command terminated with exit code 1
command terminated with exit code 1
command terminated with exit code 1
command terminated with exit code 1
command terminated with exit code 1
command terminated with exit code 1
command terminated with exit code 1
command terminated with exit code 1
command terminated with exit code 1
command terminated with exit code 1
command terminated with exit code 1
command terminated with exit code 1
command terminated with exit code 1
command terminated with exit code 1
command terminated with exit code 1
command terminated with exit code 1
command terminated with exit code 1
command terminated with exit code 1
command terminated with exit code 1
command terminated with exit code 1
command terminated with exit code 1
command terminated with exit code 1
command terminated with exit code 1
command terminated with exit code 1
command terminated with exit code 1
command terminated with exit code 1
command terminated with exit code 1
command terminated with exit code 1
command terminated with exit code 1
command terminated with exit code 1
command terminated with exit code 1
command terminated with exit code 1
command terminated with exit code 1
command terminated with exit code 1
command terminated with exit code 1
command terminated with exit code 1
command terminated with exit code 1
command terminated with exit code 1
command terminated with exit code 1
command terminated with exit code 1
command terminated with exit code 1
command terminated with exit code 1
command terminated with exit code 1
command terminated with exit code 1
command terminated with exit code 1
command terminated with exit code 1
command terminated with exit code 1
command terminated with exit code 1
command terminated with exit code 1
command terminated with exit code 1
command terminated with exit code 1
command terminated with exit code 1
command terminated with exit code 1
command terminated with exit code 1
command terminated with exit code 1
command terminated with exit code 1
command terminated with exit code 1
command terminated with exit code 1
command terminated with exit code 1
command terminated with exit code 1
command terminated with exit code 1
command terminated with exit code 1
command terminated with exit code 1
command terminated with exit code 1
command terminated with exit code 1
command terminated with exit code 1
command terminated with exit code 1
command terminated with exit code 1
command terminated with exit code 1
command terminated with exit code 1
command terminated with exit code 1
command terminated with exit code 1
command terminated with exit code 1
command terminated with exit code 1
command terminated with exit code 1
command terminated with exit code 1
command terminated with exit code 1
command terminated with exit code 1
command terminated with exit code 1
command terminated with exit code 1
command terminated with exit code 1
command terminated with exit code 1
command terminated with exit code 1
command terminated with exit code 1
command terminated with exit code 1
command terminated with exit code 1
command terminated with exit code 1
command terminated with exit code 1
command terminated with exit code 1
command terminated with exit code 1
command terminated with exit code 1
command terminated with exit code 1
command terminated with exit code 1
command terminated with exit code 1
command terminated with exit code 1
command terminated with exit code 1
command terminated with exit code 1
command terminated with exit code 1
command terminated with exit code 1
command terminated with exit code 1
command terminated with exit code 1
command terminated with exit code 1
command terminated with exit code 1
command terminated with exit code 1
command terminated with exit code 1
command terminated with exit code 1
command terminated with exit code 1
command terminated with exit code 1
command terminated with exit code 1
command terminated with exit code 1
command terminated with exit code 1
command terminated with exit code 1
command terminated with exit code 1
command terminated with exit code 1
command terminated with exit code 1
command terminated with exit code 1
command terminated with exit code 1
command terminated with exit code 1
command terminated with exit code 1
command terminated with exit code 1
command terminated with exit code 1
command terminated with exit code 1
command terminated with exit code 1
command terminated with exit code 1
command terminated with exit code 1
bench/api/run_vertical_capacity_experiment.sh: line 191: syntax error near unexpected token `done'
配置1倍垂直资源档...
deployment.apps/k6 scaled
deployment.apps/gateway scaled
deployment.apps/farm scaled
deployment.apps/social scaled
statefulset.apps/mysql patched (no change)
deployment "k6" successfully rolled out
deployment "gateway" successfully rolled out
deployment "farm" successfully rolled out
deployment "social" successfully rolled out
partitioned roll out complete: 1 new pods have been updated...
partitioned roll out complete: 1 new pods have been updated...
NAME      READY   UP-TO-DATE   AVAILABLE   AGE
gateway   1/1     1            1           2d21h
farm      1/1     1            1           2d21h
social    1/1     1            1           2d21h
k6        3/3     3            3           2d21h
NAME    READY   AGE
mysql   1/1     2d21h
redis   1/1     2d21h
复用上一轮未进入C窗口的合法夹具，跳过重复重置
deployment.apps/farm restarted
deployment.apps/gateway restarted
deployment.apps/social restarted
Waiting for deployment "farm" rollout to finish: 0 out of 1 new replicas have been updated...
Waiting for deployment "farm" rollout to finish: 0 out of 1 new replicas have been updated...
Waiting for deployment "farm" rollout to finish: 0 out of 1 new replicas have been updated...
Waiting for deployment "farm" rollout to finish: 0 of 1 updated replicas are available...
deployment "farm" successfully rolled out
Waiting for deployment "gateway" rollout to finish: 0 of 1 updated replicas are available...
deployment "gateway" successfully rolled out
deployment "social" successfully rolled out
A窗口：空载60s...
启动3个发压分片：每分片1000 QPS、12000连接、16260 Actor；全部就绪后统一释放C窗口
三个分片已就绪，统一C窗口开始=1786854420402
tar: removing leading '/' from member names
tar: removing leading '/' from member names
tar: removing leading '/' from member names
完成：/data/workspace/farm/bench/results/vertical-capacity-v1-20260816/unit-1x-qps-3000
/data/workspace/farm/bench/results/vertical-capacity-v1-20260816/unit-1x-qps-3000/slo.json:      "resident_actor_refresh_failures": 0,
/data/workspace/farm/bench/results/vertical-capacity-v1-20260816/unit-1x-qps-3000/slo.json:      "target_qps": 1000,
/data/workspace/farm/bench/results/vertical-capacity-v1-20260816/unit-1x-qps-3000/slo.json:      "resident_actor_refresh_failures": 0,
/data/workspace/farm/bench/results/vertical-capacity-v1-20260816/unit-1x-qps-3000/slo.json:      "target_qps": 1000,
/data/workspace/farm/bench/results/vertical-capacity-v1-20260816/unit-1x-qps-3000/slo.json:      "resident_actor_refresh_failures": 0,
/data/workspace/farm/bench/results/vertical-capacity-v1-20260816/unit-1x-qps-3000/slo.json:      "target_qps": 1000,
/data/workspace/farm/bench/results/vertical-capacity-v1-20260816/unit-1x-qps-3000/slo.json:  "target_qps": 3000,
/data/workspace/farm/bench/results/vertical-capacity-v1-20260816/unit-1x-qps-3000/slo.json:  "verdict": "fail"
/data/workspace/farm/bench/results/vertical-capacity-v1-20260816/unit-1x-qps-3000/client-merged.json:  "resident_actor_refresh_failures": 0,
/data/workspace/farm/bench/results/vertical-capacity-v1-20260816/unit-1x-qps-3000/client-merged.json:  "target_qps": 3000
配置1倍垂直资源档...
deployment.apps/k6 scaled
deployment.apps/gateway scaled
deployment.apps/farm scaled
deployment.apps/social scaled
statefulset.apps/mysql patched (no change)
deployment "k6" successfully rolled out
deployment "gateway" successfully rolled out
deployment "farm" successfully rolled out
deployment "social" successfully rolled out
partitioned roll out complete: 1 new pods have been updated...
partitioned roll out complete: 1 new pods have been updated...
NAME      READY   UP-TO-DATE   AVAILABLE   AGE
gateway   1/1     1            1           2d21h
farm      1/1     1            1           2d21h
social    1/1     1            1           2d21h
k6        3/3     3            3           2d21h
NAME    READY   AGE
mysql   1/1     2d21h
redis   1/1     2d21h
并行重置3份mixed合法夹具，每份16261个账号...
deployment.apps/farm restarted
deployment.apps/gateway restarted
deployment.apps/social restarted
Waiting for deployment "farm" rollout to finish: 0 out of 1 new replicas have been updated...
Waiting for deployment "farm" rollout to finish: 0 out of 1 new replicas have been updated...
Waiting for deployment "farm" rollout to finish: 0 out of 1 new replicas have been updated...
Waiting for deployment "farm" rollout to finish: 0 of 1 updated replicas are available...
deployment "farm" successfully rolled out
Waiting for deployment "gateway" rollout to finish: 0 of 1 updated replicas are available...
deployment "gateway" successfully rolled out
deployment "social" successfully rolled out
A窗口：空载60s...
启动3个发压分片：每分片1000 QPS、12000连接、16260 Actor；全部就绪后统一释放C窗口
三个分片已就绪，统一C窗口开始=1786855497123
tar: removing leading '/' from member names
tar: removing leading '/' from member names
tar: removing leading '/' from member names
完成：/data/workspace/farm/bench/results/vertical-capacity-v1-20260816/unit-1x-qps-3000
/data/workspace/farm/bench/results/vertical-capacity-v1-20260816/unit-1x-qps-3000/slo.json:      "resident_actor_refresh_failures": 0,
/data/workspace/farm/bench/results/vertical-capacity-v1-20260816/unit-1x-qps-3000/slo.json:      "target_qps": 1000,
/data/workspace/farm/bench/results/vertical-capacity-v1-20260816/unit-1x-qps-3000/slo.json:      "resident_actor_refresh_failures": 0,
/data/workspace/farm/bench/results/vertical-capacity-v1-20260816/unit-1x-qps-3000/slo.json:      "target_qps": 1000,
/data/workspace/farm/bench/results/vertical-capacity-v1-20260816/unit-1x-qps-3000/slo.json:      "resident_actor_refresh_failures": 0,
/data/workspace/farm/bench/results/vertical-capacity-v1-20260816/unit-1x-qps-3000/slo.json:      "target_qps": 1000,
/data/workspace/farm/bench/results/vertical-capacity-v1-20260816/unit-1x-qps-3000/slo.json:  "target_qps": 3000,
/data/workspace/farm/bench/results/vertical-capacity-v1-20260816/unit-1x-qps-3000/slo.json:  "verdict": "fail"
/data/workspace/farm/bench/results/vertical-capacity-v1-20260816/unit-1x-qps-3000/client-merged.json:  "resident_actor_refresh_failures": 0,
/data/workspace/farm/bench/results/vertical-capacity-v1-20260816/unit-1x-qps-3000/client-merged.json:  "target_qps": 3000
