{
  "mode": "gateway-ws-task-list",
  "warmup_mode": "session-only",
  "requests_per_account": 1,
  "target_qps": 166,
  "sent": 332,
  "succeeded": 318,
  "failed": 14,
  "actual_qps": 159.09395166040144,
  "average_ms": 4.119600823899371,
  "p50_ms": 4.011808,
  "p90_ms": 4.497108,
  "p95_ms": 4.699082,
  "p99_ms": 5.305026,
  "max_ms": 8.380879,
  "wall_millis": 1998,
  "measurement_start_unix_ms": 1786893353566,
  "measurement_end_unix_ms": 1786893355565,
  "first_error_code": 1001,
  "error_codes": {
    "1001": 14
  }
}
